index.tsx(18,10): error TS2339: Property 'state' does not exist on type 'ErrorBoundary'.
index.tsx(33,14): error TS2339: Property 'state' does not exist on type 'ErrorBoundary'.
index.tsx(40,21): error TS2339: Property 'state' does not exist on type 'ErrorBoundary'.
index.tsx(42,21): error TS2339: Property 'state' does not exist on type 'ErrorBoundary'.
index.tsx(54,17): error TS2339: Property 'props' does not exist on type 'ErrorBoundary'.
services/auditService.ts(148,9): error TS2322: Type '"warning" | "ok"' is not assignable to type '"error" | "ok" | "checking"'.
  Type '"warning"' is not assignable to type '"error" | "ok" | "checking"'.
services/auditService.ts(153,59): error TS2322: Type '"warning"' is not assignable to type '"error" | "ok" | "checking"'.
